WARNING: Using incubator modules: jdk.incubator.vector
SLF4J: Failed to load class "org.slf4j.impl.StaticLoggerBinder".
SLF4J: Defaulting to no-operation (NOP) logger implementation
SLF4J: See http://www.slf4j.org/codes.html#StaticLoggerBinder for further details.
Warning: NLS unused message: InputStreamMonitor_label in: org.eclipse.debug.internal.core.DebugCoreMessages
Warning: NLS unused message: OutputStreamMonitor_label in: org.eclipse.debug.internal.core.DebugCoreMessages
com._1c.g5.v8.dt.cli.api.CliApiException: Не найдено проекта с именем Graduation в рабочей области
	at com._1c.g5.v8.dt.internal.cli.api.impl.workspace.ExportConfigurationFilesApi.exportProject(ExportConfigurationFilesApi.java:87)
	at com._1c.g5.v8.dt.cli.api.workspace.IExportConfigurationFilesApi$pbryglu.exportProject(Unknown Source)
	at com.e1c.g5.v8.dt.cli.commands.internal.builtin.workspace.ExportConfigurationFilesCmd.c2_export(ExportConfigurationFilesCmd.java:46)
	at java.base/jdk.internal.reflect.DirectMethodHandleAccessor.invoke(DirectMethodHandleAccessor.java:103)
	at java.base/java.lang.reflect.Method.invoke(Method.java:580)
	at com.e1c.g5.v8.dt.internal.cli.api.EdtCommandWrapper.invoke(EdtCommandWrapper.java:145)
	at com.e1c.g5.v8.dt.internal.cli.api.EdtCommandWrapper.execute(EdtCommandWrapper.java:84)
	at org.apache.felix.gogo.runtime.CommandProxy.execute(CommandProxy.java:87)
	at org.apache.felix.gogo.runtime.Closure.executeCmd(Closure.java:599)
	at org.apache.felix.gogo.runtime.Closure.executeStatement(Closure.java:526)
	at org.apache.felix.gogo.runtime.Closure.execute(Closure.java:415)
	at org.apache.felix.gogo.runtime.Pipe.doCall(Pipe.java:416)
	at org.apache.felix.gogo.runtime.Pipe.call(Pipe.java:229)
	at org.apache.felix.gogo.runtime.Pipe.call(Pipe.java:59)
	at java.base/java.util.concurrent.FutureTask.run(FutureTask.java:317)
	at java.base/java.util.concurrent.ThreadPoolExecutor.runWorker(ThreadPoolExecutor.java:1144)
	at java.base/java.util.concurrent.ThreadPoolExecutor$Worker.run(ThreadPoolExecutor.java:642)
	at java.base/java.lang.Thread.run(Thread.java:1583)
